Cannot use non-ascii unicode strings as attribute names or keywords
Cannot use non-ascii unicode strings as attribute names or keywords
Cannot use non-ascii unicode strings as attribute names or keywords
